loaded graph dummy3

path from Bill Greyhate to Bill Greyhate:

path from Bill Greyhate to Black Bill The Feared:
Bill Greyhate to Black Bill The Feared via PPS

path from Bill Greyhate to Peteplank:
Bill Greyhate to Admiral Bill via PPS
Admiral Bill to Peteplank via PPS 13

path from Bill Greyhate to Pete Bones:
Bill Greyhate to Admiral Bill via PPS
Admiral Bill to Pete Bones via PPS 1